// Jest Snapshot v1, https://goo.gl/fbAQLP

exports[`should render Character element on page 1`] = `
<div>
  <section
    style="display: flex; flex-direction: column;"
  >
    <article
      class="head"
      style="background-image: url(./beth-head.png); height: 200px; width: 200px; background-size: cover; background-repeat: no-repeat;"
    />
    <article
      class="middle"
      style="background-image: url(./cowboy-middle.png); height: 200px; width: 200px; background-size: cover; background-repeat: no-repeat;"
    />
    <article
      class="bottom"
      style="background-image: url(./gummybear-bottom.png); height: 200px; width: 200px; background-size: cover; background-repeat: no-repeat;"
    />
  </section>
</div>
`;
