// Jest Snapshot v1, https://goo.gl/fbAQLP

exports[`should render Picker element on page 1`] = `
<div>
  <label>
    Head Options
    <select>
      <option>
        rip
      </option>
      <option>
        beth
      </option>
      <option>
        john
      </option>
      <option>
        triana
      </option>
    </select>
  </label>
  <label>
    Middle Options
    <select>
      <option>
        cowboy
      </option>
      <option>
        code
      </option>
      <option>
        hoodie
      </option>
      <option>
        kobe
      </option>
    </select>
  </label>
  <label>
    Bottom Options
    <select>
      <option>
        cowboy
      </option>
      <option>
        rainbow
      </option>
      <option>
        mc
      </option>
      <option>
        gummybear
      </option>
    </select>
  </label>
  <label>
    Catch Phrase:
    <input
      type="text"
      value=""
    />
  </label>
  <button
    type="button"
  >
    Add your catchphrase!
  </button>
</div>
`;
